  Determining projects to restore...
  All projects are up-to-date for restore.
C:\Program Files\dotnet\sdk\10.0.200-preview.0.26103.119\Sdks\Microsoft.NET.Sdk\targets\Microsoft.NET.RuntimeIdentifierInference.targets(383,5): message NETSDK1057: You are using a preview version of .NET. See: https://aka.ms/dotnet-support-policy [C:\Users\tylor\source\repos\DontDoThat21\RemoteLink\src\RemoteLink.Desktop\tests\RemoteLink.Desktop.Tests\RemoteLink.Desktop.Tests.csproj]
C:\Program Files\dotnet\sdk\10.0.200-preview.0.26103.119\Sdks\Microsoft.NET.Sdk\targets\Microsoft.NET.RuntimeIdentifierInference.targets(383,5): message NETSDK1057: You are using a preview version of .NET. See: https://aka.ms/dotnet-support-policy [C:\Users\tylor\source\repos\DontDoThat21\RemoteLink\src\RemoteLink.Shared\RemoteLink.Shared\RemoteLink.Shared.csproj]
  RemoteLink.Shared -> C:\Users\tylor\source\repos\DontDoThat21\RemoteLink\src\RemoteLink.Shared\RemoteLink.Shared\bin\Debug\net8.0\RemoteLink.Shared.dll
C:\Users\tylor\source\repos\DontDoThat21\RemoteLink\src\RemoteLink.Desktop\RemoteLink.Desktop\Services\SystemPowerService.cs(18,9): error CS0201: Only assignment, call, increment, decrement, await, and new object expressions can be used as a statement [C:\Users\tylor\source\repos\DontDoThat21\RemoteLink\src\RemoteLink.Desktop\RemoteLink.Desktop\RemoteLink.Desktop.csproj]
C:\Users\tylor\source\repos\DontDoThat21\RemoteLink\src\RemoteLink.Desktop\RemoteLink.Desktop\Services\MockClipboardService.cs(15,59): warning CS0067: The event 'MockClipboardService.ClipboardChanged' is never used [C:\Users\tylor\source\repos\DontDoThat21\RemoteLink\src\RemoteLink.Desktop\RemoteLink.Desktop\RemoteLink.Desktop.csproj]
C:\Users\tylor\source\repos\DontDoThat21\RemoteLink\src\RemoteLink.Desktop\RemoteLink.Desktop\Services\MockSessionRecorder.cs(45,40): warning CS0067: The event 'MockSessionRecorder.RecordingError' is never used [C:\Users\tylor\source\repos\DontDoThat21\RemoteLink\src\RemoteLink.Desktop\RemoteLink.Desktop\RemoteLink.Desktop.csproj]
C:\Users\tylor\source\repos\DontDoThat21\RemoteLink\src\RemoteLink.Desktop\RemoteLink.Desktop\Services\RemoteDesktopHost.cs(1184,36): warning CA1416: This call site is reachable on all platforms. 'EncoderParameters' is only supported on: 'windows' 6.1 and later. (https://learn.microsoft.com/dotnet/fundamentals/code-analysis/quality-rules/ca1416) [C:\Users\tylor\source\repos\DontDoThat21\RemoteLink\src\RemoteLink.Desktop\RemoteLink.Desktop\RemoteLink.Desktop.csproj]
C:\Users\tylor\source\repos\DontDoThat21\RemoteLink\src\RemoteLink.Desktop\RemoteLink.Desktop\Services\RemoteDesktopHost.cs(1162,75): warning CA1416: This call site is reachable on all platforms. 'PixelFormat.Format32bppArgb' is only supported on: 'windows' 6.1 and later. (https://learn.microsoft.com/dotnet/fundamentals/code-analysis/quality-rules/ca1416) [C:\Users\tylor\source\repos\DontDoThat21\RemoteLink\src\RemoteLink.Desktop\RemoteLink.Desktop\RemoteLink.Desktop.csproj]
C:\Users\tylor\source\repos\DontDoThat21\RemoteLink\src\RemoteLink.Desktop\RemoteLink.Desktop\Services\RemoteDesktopHost.cs(1180,79): warning CA1416: This call site is reachable on all platforms. 'ImageCodecInfo.FormatID' is only supported on: 'windows' 6.1 and later. (https://learn.microsoft.com/dotnet/fundamentals/code-analysis/quality-rules/ca1416) [C:\Users\tylor\source\repos\DontDoThat21\RemoteLink\src\RemoteLink.Desktop\RemoteLink.Desktop\RemoteLink.Desktop.csproj]
C:\Users\tylor\source\repos\DontDoThat21\RemoteLink\src\RemoteLink.Desktop\RemoteLink.Desktop\Services\RemoteDesktopHost.cs(1185,13): warning CA1416: This call site is reachable on all platforms. 'EncoderParameters.Param' is only supported on: 'windows' 6.1 and later. (https://learn.microsoft.com/dotnet/fundamentals/code-analysis/quality-rules/ca1416) [C:\Users\tylor\source\repos\DontDoThat21\RemoteLink\src\RemoteLink.Desktop\RemoteLink.Desktop\RemoteLink.Desktop.csproj]
C:\Users\tylor\source\repos\DontDoThat21\RemoteLink\src\RemoteLink.Desktop\RemoteLink.Desktop\Services\RemoteDesktopHost.cs(1180,25): warning CA1416: This call site is reachable on all platforms. 'ImageCodecInfo' is only supported on: 'windows' 6.1 and later. (https://learn.microsoft.com/dotnet/fundamentals/code-analysis/quality-rules/ca1416) [C:\Users\tylor\source\repos\DontDoThat21\RemoteLink\src\RemoteLink.Desktop\RemoteLink.Desktop\RemoteLink.Desktop.csproj]
C:\Users\tylor\source\repos\DontDoThat21\RemoteLink\src\RemoteLink.Desktop\RemoteLink.Desktop\Services\RemoteDesktopHost.cs(1160,76): warning CA1416: This call site is reachable on all platforms. 'PixelFormat.Format32bppArgb' is only supported on: 'windows' 6.1 and later. (https://learn.microsoft.com/dotnet/fundamentals/code-analysis/quality-rules/ca1416) [C:\Users\tylor\source\repos\DontDoThat21\RemoteLink\src\RemoteLink.Desktop\RemoteLink.Desktop\RemoteLink.Desktop.csproj]
C:\Users\tylor\source\repos\DontDoThat21\RemoteLink\src\RemoteLink.Desktop\RemoteLink.Desktop\Services\RemoteDesktopHost.cs(1162,26): warning CA1416: This call site is reachable on all platforms. 'Bitmap.LockBits(Rectangle, ImageLockMode, PixelFormat)' is only supported on: 'windows' 6.1 and later. (https://learn.microsoft.com/dotnet/fundamentals/code-analysis/quality-rules/ca1416) [C:\Users\tylor\source\repos\DontDoThat21\RemoteLink\src\RemoteLink.Desktop\RemoteLink.Desktop\RemoteLink.Desktop.csproj]
C:\Users\tylor\source\repos\DontDoThat21\RemoteLink\src\RemoteLink.Desktop\RemoteLink.Desktop\Services\RemoteDesktopHost.cs(1176,33): warning CA1416: This call site is reachable on all platforms. 'ImageFormat.Png' is only supported on: 'windows' 6.1 and later. (https://learn.microsoft.com/dotnet/fundamentals/code-analysis/quality-rules/ca1416) [C:\Users\tylor\source\repos\DontDoThat21\RemoteLink\src\RemoteLink.Desktop\RemoteLink.Desktop\RemoteLink.Desktop.csproj]
C:\Users\tylor\source\repos\DontDoThat21\RemoteLink\src\RemoteLink.Desktop\RemoteLink.Desktop\Services\RemoteDesktopHost.cs(1160,28): warning CA1416: This call site is reachable on all platforms. 'Bitmap' is only supported on: 'windows' 6.1 and later. (https://learn.microsoft.com/dotnet/fundamentals/code-analysis/quality-rules/ca1416) [C:\Users\tylor\source\repos\DontDoThat21\RemoteLink\src\RemoteLink.Desktop\RemoteLink.Desktop\RemoteLink.Desktop.csproj]
C:\Users\tylor\source\repos\DontDoThat21\RemoteLink\src\RemoteLink.Desktop\RemoteLink.Desktop\Services\RemoteDesktopHost.cs(1180,25): warning CA1416: This call site is reachable on all platforms. 'ImageCodecInfo.GetImageEncoders()' is only supported on: 'windows' 6.1 and later. (https://learn.microsoft.com/dotnet/fundamentals/code-analysis/quality-rules/ca1416) [C:\Users\tylor\source\repos\DontDoThat21\RemoteLink\src\RemoteLink.Desktop\RemoteLink.Desktop\RemoteLink.Desktop.csproj]
C:\Users\tylor\source\repos\DontDoThat21\RemoteLink\src\RemoteLink.Desktop\RemoteLink.Desktop\Services\RemoteDesktopHost.cs(1180,93): warning CA1416: This call site is reachable on all platforms. 'ImageFormat.Jpeg' is only supported on: 'windows' 6.1 and later. (https://learn.microsoft.com/dotnet/fundamentals/code-analysis/quality-rules/ca1416) [C:\Users\tylor\source\repos\DontDoThat21\RemoteLink\src\RemoteLink.Desktop\RemoteLink.Desktop\RemoteLink.Desktop.csproj]
C:\Users\tylor\source\repos\DontDoThat21\RemoteLink\src\RemoteLink.Desktop\RemoteLink.Desktop\Services\RemoteDesktopHost.cs(1162,50): warning CA1416: This call site is reachable on all platforms. 'ImageLockMode.WriteOnly' is only supported on: 'windows' 6.1 and later. (https://learn.microsoft.com/dotnet/fundamentals/code-analysis/quality-rules/ca1416) [C:\Users\tylor\source\repos\DontDoThat21\RemoteLink\src\RemoteLink.Desktop\RemoteLink.Desktop\RemoteLink.Desktop.csproj]
C:\Users\tylor\source\repos\DontDoThat21\RemoteLink\src\RemoteLink.Desktop\RemoteLink.Desktop\Services\RemoteDesktopHost.cs(1185,35): warning CA1416: This call site is reachable on all platforms. 'EncoderParameter' is only supported on: 'windows' 6.1 and later. (https://learn.microsoft.com/dotnet/fundamentals/code-analysis/quality-rules/ca1416) [C:\Users\tylor\source\repos\DontDoThat21\RemoteLink\src\RemoteLink.Desktop\RemoteLink.Desktop\RemoteLink.Desktop.csproj]
C:\Users\tylor\source\repos\DontDoThat21\RemoteLink\src\RemoteLink.Desktop\RemoteLink.Desktop\Services\RemoteDesktopHost.cs(1186,13): warning CA1416: This call site is reachable on all platforms. 'Image.Save(Stream, ImageCodecInfo, EncoderParameters?)' is only supported on: 'windows' 6.1 and later. (https://learn.microsoft.com/dotnet/fundamentals/code-analysis/quality-rules/ca1416) [C:\Users\tylor\source\repos\DontDoThat21\RemoteLink\src\RemoteLink.Desktop\RemoteLink.Desktop\RemoteLink.Desktop.csproj]
C:\Users\tylor\source\repos\DontDoThat21\RemoteLink\src\RemoteLink.Desktop\RemoteLink.Desktop\Services\RemoteDesktopHost.cs(1185,56): warning CA1416: This call site is reachable on all platforms. 'Encoder.Quality' is only supported on: 'windows' 6.1 and later. (https://learn.microsoft.com/dotnet/fundamentals/code-analysis/quality-rules/ca1416) [C:\Users\tylor\source\repos\DontDoThat21\RemoteLink\src\RemoteLink.Desktop\RemoteLink.Desktop\RemoteLink.Desktop.csproj]
C:\Users\tylor\source\repos\DontDoThat21\RemoteLink\src\RemoteLink.Desktop\RemoteLink.Desktop\Services\RemoteDesktopHost.cs(1170,13): warning CA1416: This call site is reachable on all platforms. 'Bitmap.UnlockBits(BitmapData)' is only supported on: 'windows' 6.1 and later. (https://learn.microsoft.com/dotnet/fundamentals/code-analysis/quality-rules/ca1416) [C:\Users\tylor\source\repos\DontDoThat21\RemoteLink\src\RemoteLink.Desktop\RemoteLink.Desktop\RemoteLink.Desktop.csproj]
C:\Users\tylor\source\repos\DontDoThat21\RemoteLink\src\RemoteLink.Desktop\RemoteLink.Desktop\Services\RemoteDesktopHost.cs(1176,13): warning CA1416: This call site is reachable on all platforms. 'Image.Save(Stream, ImageFormat)' is only supported on: 'windows' 6.1 and later. (https://learn.microsoft.com/dotnet/fundamentals/code-analysis/quality-rules/ca1416) [C:\Users\tylor\source\repos\DontDoThat21\RemoteLink\src\RemoteLink.Desktop\RemoteLink.Desktop\RemoteLink.Desktop.csproj]
C:\Users\tylor\source\repos\DontDoThat21\RemoteLink\src\RemoteLink.Desktop\RemoteLink.Desktop\Services\RemoteDesktopHost.cs(1166,51): warning CA1416: This call site is reachable on all platforms. 'BitmapData.Scan0' is only supported on: 'windows' 6.1 and later. (https://learn.microsoft.com/dotnet/fundamentals/code-analysis/quality-rules/ca1416) [C:\Users\tylor\source\repos\DontDoThat21\RemoteLink\src\RemoteLink.Desktop\RemoteLink.Desktop\RemoteLink.Desktop.csproj]
C:\Users\tylor\source\repos\DontDoThat21\RemoteLink\src\RemoteLink.Desktop\RemoteLink.Desktop\Services\RemoteDesktopHost.cs(1180,93): warning CA1416: This call site is reachable on all platforms. 'ImageFormat.Guid' is only supported on: 'windows' 6.1 and later. (https://learn.microsoft.com/dotnet/fundamentals/code-analysis/quality-rules/ca1416) [C:\Users\tylor\source\repos\DontDoThat21\RemoteLink\src\RemoteLink.Desktop\RemoteLink.Desktop\RemoteLink.Desktop.csproj]
